---
source: tests/parser.rs
assertion_line: 232
expression: "tree(\"% a\\n% b\\n\\\\foo\")"
---
ROOT@0..12
  PARAGRAPH@0..12
    COMMAND@0..12
      DOC_COMMENT@0..8
        COMMENT@0..3 "% a"
        NEWLINE@3..4 "\n"
        COMMENT@4..7 "% b"
        NEWLINE@7..8 "\n"
      CONTROL_WORD@8..12 "\\foo"
