---
source: tests/parser.rs
expression: "tree(\"\\\\item[\\\\char`$ or z] and \\\\char`} too\")"
---
ROOT@0..35
  PARAGRAPH@0..35
    COMMAND@0..19
      CONTROL_WORD@0..5 "\\item"
      OPTIONAL@5..19
        L_BRACKET@5..6 "["
        COMMAND@6..11
          CONTROL_WORD@6..11 "\\char"
        WORD@11..13 "`$"
        WHITESPACE@13..14 " "
        WORD@14..16 "or"
        WHITESPACE@16..17 " "
        WORD@17..18 "z"
        R_BRACKET@18..19 "]"
    WHITESPACE@19..20 " "
    WORD@20..23 "and"
    WHITESPACE@23..24 " "
    COMMAND@24..29
      CONTROL_WORD@24..29 "\\char"
    WORD@29..31 "`}"
    WHITESPACE@31..32 " "
    WORD@32..35 "too"
