---
source: tests/bib_rule_docs.rs
expression: render_rule_doc(rule.as_ref())
---
## `title-capitalization`

Flag an unprotected acronym or mid-word capital in a title-like field (`title`, `booktitle`, `journaltitle`, ...). Many bibliography styles lowercase unprotected title text, so `DNA` renders as `dna` unless written as `{DNA}`.

The rule flags runs of two or more capitals and camelCase brand names whose first capital occurs within a word that begins with a lowercase letter, such as `iPhone`. It leaves ordinary Title Case, name particles (`McDonald`), mixed-case tokens (`LaTeX`), and text already inside a `{...}` group alone. No autofix is offered because the author must choose what to protect.

This rule is **enabled by default**.

An unprotected acronym a title-lowercasing style would render as `dna`:

```bib
@article{watson53, title = {Molecular structure of DNA}}
```

```text
warning: title-capitalization
 --> references.bib:1:52
  |
1 | @article{watson53, title = {Molecular structure of DNA}}
  |                                                    ^^^ unprotected capitals `DNA` in `title`; wrap in braces (`{DNA}`) to keep case under title-lowercasing styles
```
