---
source: tests/bib_rule_docs.rs
expression: render_rule_doc(rule.as_ref())
---
## `unknown-field`

Flag a field that is neither required nor optional for its entry type and has no global field metadata. Such a field is usually a typo or data intended for another entry type. BibLaTeX silently ignores unknown fields, so the mistake can otherwise go unnoticed. The rule checks only entry types known to the built-in database. No autofix is offered because deleting the field would discard data.

This rule is **enabled by default**.

A misspelled field name (`pubisher` for `publisher`):

```bib
@book{turing50,
  author   = {Turing, Alan},
  title    = {A book},
  pubisher = {Elsevier},
  year     = 1950
}
```

```text
warning: unknown-field
 --> references.bib:4:3
  |
4 |   pubisher = {Elsevier},
  |   ^^^^^^^^ unknown field `pubisher` on `book` entry
```
