---
source: tests/bib_rule_docs.rs
expression: render_rule_doc(rule.as_ref())
---
## `encoding-hints`

Report non-ASCII text in a field value as a hint. Accented text is valid in a UTF-8 setup, so this is not a warning. Raw non-ASCII text renders correctly only when the file is UTF-8 and the document loads a matching input encoding (`inputenc` with pdfLaTeX, `fontspec` with XeLaTeX or LuaLaTeX). Legacy toolchains may corrupt it. Confirm the encoding or use a LaTeX escape (`\'e` for `é`). No autofix is offered because the right change depends on the project's toolchain.

This rule is **enabled by default**.

An accented name entered as raw UTF-8:

```bib
@article{erdos47, author = {Erdős, Paul}}
```

```text
help: encoding-hints
 --> references.bib:1:32
  |
1 | @article{erdos47, author = {Erdős, Paul}}
  |                                ^ non-ASCII text `ő`; ensure the file is UTF-8 and the document loads an input encoding (inputenc/fontspec), or use a LaTeX escape
```
