---
source: tests/bib_rule_docs.rs
expression: render_rule_doc(rule.as_ref())
---
## `duplicate-field`

Flag a field name appearing more than once in an entry, comparing names case-insensitively. BibTeX and Biber keep only one occurrence and silently discard the rest. A duplicate is therefore almost always a merge or copy-paste mistake, and every occurrence after the first is flagged.

When a repeated value is byte-identical to the retained value, a safe autofix deletes the redundant copy. When values differ, the retained value depends on the engine, so the rule reports the finding without a fix.

This rule is **enabled by default**.

Two `note` fields with identical values, so deleting the redundant copy is safe:

```bib
@misc{knuth84,
  note = {Draft},
  note = {Draft}
}
```

```text
warning: duplicate-field
 --> references.bib:3:3
  |
3 |   note = {Draft}
  |   ^^^^ duplicate field `note` on `misc` entry
```

After applying the fix:

```bib
@misc{knuth84,
  note = {Draft}
}
```

Differing values are report-only (which copy the engine keeps is style-dependent, so dropping either would change meaning):

```bib
@misc{knuth84,
  note = {First draft},
  note = {Second draft}
}
```

```text
warning: duplicate-field
 --> references.bib:3:3
  |
3 |   note = {Second draft}
  |   ^^^^ duplicate field `note` on `misc` entry
```
