---
source: tests/bib_rule_docs.rs
expression: render_rule_doc(rule.as_ref())
---
## `unused-string`

Flag an `@string` macro defined in the file but never referenced by a field value. In a self-contained `.bib` file, an unused macro serves no purpose. In a multi-file bibliography, another `.bib` file may reference it, and cross-file `@string` resolution is not yet modeled. No autofix is offered because deleting a definition is a choice for the author.

This rule is **enabled by default**.

A defined macro no field value references:

```bib
@string{cup = {Cambridge University Press}}
@book{turing50, title = {Draft}, publisher = {Springer}}
```

```text
warning: unused-string
 --> references.bib:1:9
  |
1 | @string{cup = {Cambridge University Press}}
  |         ^^^ `@string` macro `cup` is defined but never used
```
