---
source: tests/bib_rule_docs.rs
expression: render_rule_doc(rule.as_ref())
---
## `undefined-string`

Flag an `@string` macro used in a field value but defined nowhere in the file. The twelve month macros from `jan` through `dec` are predefined. An undefined macro usually means a misspelled name or a missing `@string` definition, and BibTeX reports an error at build time.

In a multi-file bibliography, another `.bib` file may supply the definition. Cross-file `@string` resolution is not yet modeled, so those uses produce false positives. No autofix is offered because the author must choose whether to define the macro or correct its name.

This rule is **enabled by default**.

A misspelled macro name (`cpu` for `cup`):

```bib
@string{cup = {Cambridge University Press}}
@book{turing50, title = {Draft}, publisher = cpu}
```

```text
warning: undefined-string
 --> references.bib:2:46
  |
2 | @book{turing50, title = {Draft}, publisher = cpu}
  |                                              ^^^ `@string` macro `cpu` is used but never defined
```
