---
source: tests/parser.rs
expression: "tree(r\"\\begin{proof} text\")"
---
ROOT@0..18
  PARAGRAPH@0..18
    ENVIRONMENT@0..18
      BEGIN@0..13
        CONTROL_WORD@0..6 "\\begin"
        NAME_GROUP@6..13
          L_BRACE@6..7 "{"
          WORD@7..12 "proof"
          R_BRACE@12..13 "}"
      PARAGRAPH@13..18
        WHITESPACE@13..14 " "
        WORD@14..18 "text"
error @18..18: unclosed environment `proof`
