---
source: tests/rule_docs.rs
expression: render_rule_doc(rule.as_ref())
---
## `undefined-ref`

Flag a `\ref`-family reference to a label defined nowhere in the document. The check is sound only when the label namespace is complete, so the rule stays silent unless the project view is **closed** (every include resolves to an analyzed file) and **rooted**. It is inactive on stdin or wherever cross-file label resolution is unavailable. No autofix is offered.

This rule is **enabled by default**.

A reference to a label defined nowhere in the document:

```tex
\ref{sec:intro}
```

```text
warning: undefined-ref
 --> example.tex:1:1
  |
1 | \ref{sec:intro}
  | ^^^^^^^^^^^^^^^ reference to undefined label `sec:intro`
```
