---
source: tests/rule_docs.rs
expression: render_rule_doc(rule.as_ref())
---
## `undefined-citation`

Flag a `\cite`-family key that matches no entry in the document's bibliography, analogous to `undefined-ref`. The check is sound only over a **closed, rooted** namespace where every `.bib` resource resolves to an analyzed file. Resource lookup honors BibTeX's `BIBINPUTS` and `TEXBIB` search paths. A `\nocite{*}` wildcard, which marks every key as used, suppresses the rule entirely. The rule is inactive without cross-file citation resolution. No autofix is offered.

This rule is **enabled by default**.

A citation of a key that matches no bibliography entry:

```tex
\cite{knuth:1984}
```

```text
warning: undefined-citation
 --> example.tex:1:1
  |
1 | \cite{knuth:1984}
  | ^^^^^^^^^^^^^^^^^ citation of undefined key `knuth:1984`
```
