---
source: tests/rule_docs.rs
expression: render_rule_doc(rule.as_ref())
---
## `missing-nonbreaking-space`

Flag a plain space before a command whose output a line break would orphan: a bare-number reference (`Figure \ref{x}`, `\eqref`, `\pageref`) or a bracketed citation (`see \cite{a}`, `\parencite`, `\autocite`). A TeX tie (`~`) keeps the reference on the same line. Self-describing references (`\autoref`, `\cref`) and textual citations (`\textcite`, `\citet`) are not flagged because they supply their own noun.

The rule flags both a same-line space and a single source line break before the command. A blank line starts a new paragraph and is not flagged. For a same-line space, the fix is **unsafe** because inserting a tie changes line breaking. `--fix` leaves it alone; `--unsafe-fixes` and editor code actions apply it. A line break is reported without a fix: replacing it with `~` would join the lines, a reflow the formatter owns.

This rule is **enabled by default**.

A plain space where a tie belongs before a cross-reference:

```tex
see Figure \ref{fig:plot}
```

```text
warning: missing-nonbreaking-space
 --> example.tex:1:11
  |
1 | see Figure \ref{fig:plot}
  |           ^ missing non-breaking space before `\ref`; use a tie `~` so the reference stays on the same line
```
