---
source: tests/rule_docs.rs
expression: render_rule_doc(rule.as_ref())
---
## `label-before-caption`

Flag a `\label` placed before the statement that establishes its intended counter: the outer `\caption` in a curated float (`figure`, `table`, and their starred forms), or the first `\item` in the standard numbered `enumerate` list. In either position, `\label` captures the previous `\@currentlabel`—usually an enclosing section number—so `\ref` silently prints an unrelated number. LaTeX gives no warning. The list case is limited to statement-level labels before the first item; labels after an item may belong to it, while `itemize` and `description` items do not step a reference counter. Attached custom item labels and complete Beamer overlay markers remain intact. The float case likewise skips labels nested in command arguments, and classifies nested counter steps conservatively. The fix moves the label just after the proven caption or item marker, and is Unsafe because it intentionally changes what `\ref` prints from an inferred intent.

A `\label` above its `\caption` picks up the section counter, not the figure number:

```tex
\begin{figure}
  \includegraphics{plot}
  \label{fig:plot}
  \caption{A plot.}
\end{figure}
```

```text
warning: label-before-caption
 --> example.tex:3:3
  |
3 |   \label{fig:plot}
  |   ^^^^^^^^^^^^^^^^ `\label` before the outer `\caption` in this `figure` does not capture the float number
```

A `\label` before the first `\item` has not seen the item counter step:

```tex
\begin{enumerate}
  \label{item:first}
  \item First
\end{enumerate}
```

```text
warning: label-before-caption
 --> example.tex:2:3
  |
2 |   \label{item:first}
  |   ^^^^^^^^^^^^^^^^^^ `\label` before the first `\item` in this `enumerate` does not capture the item number
```
