---
source: tests/rule_docs.rs
expression: render_rule_doc(rule.as_ref())
---
## `unreferenced-label`

Flag a label definition unused by any `\ref`-family command in the document. A `\eqref{A}--\eqref{D}` range also uses labels between A and D when they occur in consecutive, singly labeled `equation` environments or numbered `align` and `gather` rows. This includes literal included files with an unambiguous source order. Manual tags, suppressed numbers, and counter changes stop inference. A reference to a `subequations` group label also uses the labels in its enclosed math environments.

Like `undefined-ref`, the check is sound only when the label namespace is complete. The rule stays silent unless the project view is **closed** (every include resolves to an analyzed file) and **rooted**. It is inactive on stdin or wherever cross-file label resolution is unavailable. No autofix is offered because removing the unused label and adding a reference are both valid choices.

This rule is **enabled by default**.

A label that no `\ref`-family command ever targets:

```tex
\section{Intro}\label{sec:intro}
```

```text
warning: unreferenced-label
 --> example.tex:1:16
  |
1 | \section{Intro}\label{sec:intro}
  |                ^^^^^^^^^^^^^^^^^ label `sec:intro` is never referenced
```
