---
source: tests/rule_docs.rs
expression: render_rule_doc(rule.as_ref())
---
## `verbatim-trailing-text`

Flag non-whitespace text after a verbatim-like environment's `\end{…}` on the same line (ChkTeX warning 31). LaTeX scans line by line to `\end{verbatim}`, then discards the rest of that line, so `\end{verbatim} foo` silently drops `foo`.

The rule identifies verbatim-like environments from an opaque `VERBATIM_BODY` in the parse tree or a curated built-in verbatim name when the body is empty. Ordinary environments do not discard the rest of their closing line and are not checked. A trailing `%` comment is treated as trivia and is not flagged. No autofix is offered because the author must choose whether to move or delete the text.

This rule is **enabled by default**.

Text after `\end{verbatim}` is silently discarded by LaTeX:

```tex
\begin{verbatim}
sample
\end{verbatim} and more
```

```text
warning: verbatim-trailing-text
 --> example.tex:3:16
  |
3 | \end{verbatim} and more
  |                ^^^^^^^^ text after `\end{verbatim}` on the same line is silently discarded
```
