---
source: tests/rule_docs.rs
expression: render_rule_doc(rule.as_ref())
---
## `missing-provides`

Flag a package or class source (`.sty` or `.cls`) that never identifies itself with the matching `\ProvidesPackage` or `\ProvidesClass`. A well-formed package declares its identity so LaTeX can log it and honor date-based compatibility checks. A `.sty` file containing only `\ProvidesClass` still lacks the matching declaration.

The rule is inactive for other extensions: a `.tex` file has nothing to provide, and a `.dtx` file hides its declaration inside guarded `macrocode`. No autofix is offered because the author must choose the declaration's placement, date, and version.

This rule is **enabled by default**.

A package source with no self-identification (the docs are rendered against a `.sty` path):

```tex
\NeedsTeXFormat{LaTeX2e}
\RequirePackage{xcolor}
```

```text
warning: missing-provides
 --> example.sty:1:1
  |
1 | \NeedsTeXFormat{LaTeX2e}
  | ^^^^^^^^^^^^^^^ package file lacks `\ProvidesPackage`
```
