---
source: tests/rule_docs.rs
expression: render_rule_doc(rule.as_ref())
---
## `duplicate-package`

Flag a package loaded more than once in the same file with `\usepackage`/`\RequirePackage` (which share one package namespace). LaTeX loads a given package only once; a second load is redundant and, when the options disagree, an option-clash error. Loads in mutually exclusive branches of a TeX conditional (`\iftrue...\else...\fi`, `\newif`-defined conditionals included) are not duplicates and are not flagged; `if`-named macros that take brace arguments instead of a `\fi` terminator (`\ifthenelse` and friends) carry no recognized branches. No autofix: removing a load can drop options the survivor lacks, and which load to keep is the author's call. Class loads (`\documentclass`/`\LoadClass`) are a separate concern and are not flagged.

The same package loaded twice:

```tex
\usepackage{amsmath}
\usepackage{amsmath}
```

```text
warning: duplicate-package
 --> example.tex:2:1
  |
2 | \usepackage{amsmath}
  | ^^^^^^^^^^^^^^^^^^^^ package `amsmath` is loaded more than once
```
