---
source: tests/rule_docs.rs
expression: render_rule_doc(rule.as_ref())
---
## `swallowed-space`

Flag a text-producing control word followed directly by a space that TeX discards, joining the macro's output to the next word (`\LaTeX is` renders as "LaTeXis") (ChkTeX 1). TeX discards spaces after a control word during tokenization, so they never reach the output.

The rule checks only a curated set of TeX-family logos that take no arguments (`\LaTeX`, `\TeX`, `\BibTeX`, ...), only in text mode, and only when the next token is a word beginning with an alphanumeric character. A following period (`\LaTeX .` → "LaTeX.") is left alone. The fix inserts `{}` after the control word (`\LaTeX{} is`), ending the macro name so the space survives. It is **unsafe** because it changes typeset output. `--fix` leaves it alone; `--unsafe-fixes` and editor code actions apply it.

This rule is **enabled by default**.

A logo swallows the following space, gluing it to the next word:

```tex
We used \LaTeX to typeset this.
```

```text
warning: swallowed-space
 --> example.tex:1:15
  |
1 | We used \LaTeX to typeset this.
  |               ^ `\LaTeX` swallows the following space; add `{}` (`\LaTeX{}`) or `\ ` so it prints
```
