---
source: tests/rule_docs.rs
expression: render_rule_doc(rule.as_ref())
---
## `duplicate-package`

Flag a package loaded more than once in the same file with `\usepackage` or `\RequirePackage`, which share one package namespace. LaTeX loads a package only once. A second load is redundant and produces an option-clash error when its options disagree.

A warning requires a prior load in the same conditional branch or an enclosing context, including an unconditional prior load. Separate conditional tests are treated as uncertain and do not trigger a warning. The rule recognizes `\if...\else...\fi` and common macros with complete braced arguments, including `\ifthenelse`, `\iftoggle`, and `\IfFileExists`. It does not evaluate predicates or combine coverage across branches. No autofix is offered because removing a load can discard options the remaining load lacks. Class loads (`\documentclass` and `\LoadClass`) are not flagged.

This rule is **enabled by default**.

The same package loaded twice:

```tex
\usepackage{amsmath}
\usepackage{amsmath}
```

```text
warning: duplicate-package
 --> example.tex:2:1
  |
2 | \usepackage{amsmath}
  | ^^^^^^^^^^^^^^^^^^^^ package `amsmath` is loaded more than once
```
