---
source: tests/rule_docs.rs
expression: render_rule_doc(rule.as_ref())
---
## `makeat-macro`

Flag a macro name containing `@` (`\foo@bar`, `\p@`, `\@ifnextchar`) used outside a `\makeatletter` and `\makeatother` region. There, `@` has its ordinary catcode and cannot be part of a control word. TeX reads `\foo@bar` as `\foo` followed by the text `@bar`, rather than as the internal macro `\foo@bar`. This usually means the enclosing `\makeatletter` and `\makeatother` were forgotten.

The formatter's lexer tracks `\makeatletter` state, so the rule distinguishes these cases exactly. A name inside the region lexes as one token and is never flagged. Only the split form outside the region is flagged: a control word abutting an `@`-word, or `\@` abutting a letter-word. No autofix is offered because wrapping the use in `\makeatletter` and `\makeatother` requires more than a local edit. The end-of-sentence `\@` in `NASA\@.` is left alone.

This rule is **enabled by default**.

An internal `@` macro used without `\makeatletter`:

```tex
\my@command
```

```text
warning: makeat-macro
 --> example.tex:1:1
  |
1 | \my@command
  | ^^^^^^^^^^^ `\my@command` uses `@` in a macro name outside a `\makeatletter` region; `@` is not a letter here, so this reads as `\my` followed by the text `@command`
```

A leading-`@` macro (a `\@`-prefixed internal) outside a region:

```tex
\@ifstar{\StarredForm}{\PlainForm}
```

```text
warning: makeat-macro
 --> example.tex:1:1
  |
1 | \@ifstar{\StarredForm}{\PlainForm}
  | ^^^^^^^^ `\@ifstar` uses `@` in a macro name outside a `\makeatletter` region; `@` is not a letter here, so this reads as `\@` followed by the text `ifstar`
```
