---
source: tests/rule_docs.rs
expression: render_rule_doc(rule.as_ref())
---
## `extra-math-linebreak`

Flag a plain `\\` at the end of an `align`, `alignat`, `flalign`, `gather`, or `multline` environment, including their starred forms, or immediately after `\intertext{...}` or `\shortintertext{...}` in an environment that supports intertext. These breaks add an empty row, increasing vertical space and potentially adding an equation number. Breaks before intertext, starred breaks, explicit spacing arguments, subsidiary environments such as `aligned`, and locally redefined environments or intertext commands are left alone. The fix deletes only the offending `\\`, preserving comments and surrounding whitespace. It is **unsafe** because it changes typeset spacing and potentially numbering; use `--fix --unsafe-fixes` or an explicit editor action.

This rule is **enabled by default**.

A final linebreak adds an empty equation row:

```tex
\begin{align}
  a &= b \\
\end{align}
```

```text
warning: extra-math-linebreak
 --> example.tex:2:10
  |
2 |   a &= b \\
  |          ^^ final linebreak adds an empty math row
```

Intertext already separates the surrounding equation rows:

```tex
\begin{align*}
  a &= b \\
  \intertext{and therefore}\\
  c &= d
\end{align*}
```

```text
warning: extra-math-linebreak
 --> example.tex:3:28
  |
3 |   \intertext{and therefore}\\
  |                            ^^ linebreak after `\intertext` adds an empty math row
```
