---
source: tests/rule_docs.rs
expression: render_rule_doc(rule.as_ref())
---
## `sectioning-level-jump`

Flag a structural heading that descends more than one level below the preceding structural heading, such as `\section` followed directly by `\subsubsection`, skipping `\subsection` (textidote's `sh:secskip`). The heading hierarchy follows the document class: it includes `\chapter` only for classes known to provide it or when the source uses it. Unknown classes conservatively omit it. The rule treats `\paragraph` and `\subparagraph` as transparent because technical papers commonly use them as run-in labels.

Only *downward* jumps are flagged. Returning to a higher level or repeating a heading at the same level is normal. The comparison is with the previous structural heading rather than an absolute top level. No autofix is offered because repairing a skip requires the author to choose the structure.

This rule is **enabled by default**.

A heading that drops two levels at once (skipping `\subsection`):

```tex
\section{Introduction}
\subsubsection{Details}
```

```text
warning: sectioning-level-jump
 --> example.tex:2:1
  |
2 | \subsubsection{Details}
  | ^^^^^^^^^^^^^^ `\subsubsection` skips a sectioning level after `\section` (expected `\subsection`)
```
