---
source: tests/rule_docs.rs
expression: render_rule_doc(rule.as_ref())
---
## `ellipsis`

Flag a literal run of three or more periods (`...`) where an ellipsis command belongs. Literal periods set tight full stops, while LaTeX's ellipsis commands set correctly spaced dots. In text, the fix is a **safe** replacement with `\dots`. It adds a space before a following letter so the control word cannot merge with the next word.

In math, `\ldots` (baseline dots for comma lists) and `\cdots` (centered dots for operator chains) are not interchangeable. The fix is therefore **unsafe**: it chooses `\cdots` beside an operator or relation and `\ldots` otherwise. It applies only with `--unsafe-fixes` or an editor code action. The rule never touches comments or verbatim content.

This rule is **enabled by default**.

Literal dots in text:

```tex
See Chapter 2, 3, ... for details.
```

```text
warning: ellipsis
 --> example.tex:1:19
  |
1 | See Chapter 2, 3, ... for details.
  |                   ^^^ literal `...` ellipsis; use `\dots`
```

After applying the fix:

```tex
See Chapter 2, 3, \dots for details.
```

Literal dots in a math sum (an operator neighbor picks `\cdots`):

```tex
$a_1 + ... + a_n$
```

```text
warning: ellipsis
 --> example.tex:1:8
  |
1 | $a_1 + ... + a_n$
  |        ^^^ literal `...` ellipsis; use `\cdots` in math (`\ldots` for lists, `\cdots` for operator chains)
```
