---
source: tests/rule_docs.rs
expression: render_rule_doc(rule.as_ref())
---
## `straight-quotes`

Flag a literal ASCII double quote (`"`) used for quotation. In LaTeX, a straight `"` sets a *closing* double quote, so an opening one comes out backward. The correct forms are `` `` `` (two backticks) to open and `''` (two apostrophes) to close. The rule reports a quotation **once**, spanning both quotes, and rewrites the pair in one atomic edit so an editor code action can repair it from either end. A quote with no closer before the paragraph ends is reported on its own.

The fix is **unsafe** because it infers direction from context. A quote opens when preceded by whitespace, a line break, an opening delimiter (`(`, `[`, `{`), a backtick, or the start of the document; otherwise, it closes. This guess can change the typeset glyph, so the fix applies only with `--unsafe-fixes` or an editor code action. Single straight quotes (`'`) are left alone because they can be apostrophes. The rule never touches comments, verbatim content, math, TeX hex constants (`"2D`), or `\pdfmapline` font maps.

This rule is **enabled by default**.

Straight ASCII double quotes around a phrase:

```tex
He said "hello world" to me.
```

```text
warning: straight-quotes
 --> example.tex:1:9
  |
1 | He said "hello world" to me.
  |         ^^^^^^^^^^^^^ straight double quotes; use `` `` `` (opening) and `''` (closing)
```

An opening quote after a parenthesis:

```tex
("quoted")
```

```text
warning: straight-quotes
 --> example.tex:1:2
  |
1 | ("quoted")
  |  ^^^^^^^^ straight double quotes; use `` `` `` (opening) and `''` (closing)
```
