---
source: tests/rule_docs.rs
expression: render_rule_doc(rule.as_ref())
---
## `math-operator-name`

Flag a bare function name from the LaTeX and amsmath set (`sin`, `cos`, `log`, `lim`, and others) written in math mode without its backslash (ChkTeX 35). TeX sets the name as italic variables rather than an upright operator such as `\sin` with the correct spacing. The rule matches a name at the start of a `WORD` and ending at a word boundary, catching both `$sin x$` and `$sin(x)$`. It leaves words such as `since` alone and prefers the longest match (`sinh` over `sin`).

The rule checks only math mode and skips subscripts and superscripts, where `max` in `x_{max}` is almost always a label. It also skips text-domain and unknown arguments. The fix inserts the backslash (`sin` → `\sin`). It is **unsafe** because it changes the glyph and operator spacing, and a bare `sin` can be a product. `--fix` leaves it alone; `--unsafe-fixes` and editor code actions apply it.

This rule is **enabled by default**.

A bare function name typesets as italic variables:

```tex
$sin x + cos x = 1$
```

```text
warning: math-operator-name
 --> example.tex:1:2
  |
1 | $sin x + cos x = 1$
  |  ^^^ bare `sin` in math typesets as italic variables; use `\sin`
warning: math-operator-name
 --> example.tex:1:10
  |
1 | $sin x + cos x = 1$
  |          ^^^ bare `cos` in math typesets as italic variables; use `\cos`
```

It fires through the glued `f(x)` form too:

```tex
The limit $lim(x)$ diverges.
```

```text
warning: math-operator-name
 --> example.tex:1:12
  |
1 | The limit $lim(x)$ diverges.
  |            ^^^ bare `lim` in math typesets as italic variables; use `\lim`
```
