---
source: tests/rule_docs.rs
expression: render_rule_doc(rule.as_ref())
---
## `blank-line-in-keyval`

Flag a blank line at the top level of a `key=value` argument. A blank line produces a `\par` token, and a keyval processor reads its entries with macros that are not `\long`, so the call aborts. TeX's error names the processor rather than the command the author wrote: `\hypersetup` yields "Paragraph ended before `\kv@processor@default` was complete". This rule points to the source of that error.

The scope follows compilation checks: a blank line *nested* inside a value's brace group (`\tikzset{aa/.style={draw,\n\nthick}}`) compiles cleanly and is not flagged. An unclosed `{` is left to the parser's diagnostic. The rule consults only hand-curated signatures. The safe autofix removes the blank line and preserves the following indentation. It changes only whitespace, and `ContentKind::Keyval` establishes that the processor strips spaces around entries.

This rule is **enabled by default**.

A blank line separating two keys, which aborts the call:

```tex
\hypersetup{colorlinks=true,

linkcolor=blue}
```

```text
error: blank-line-in-keyval
 --> example.tex:1:29
  |
1 |   \hypersetup{colorlinks=true,
  |  _____________________________^
2 | |
3 | | linkcolor=blue}
  | |_^ blank line in `\hypersetup`'s key-value argument; the `\par` aborts the call
```

After applying the fix:

```tex
\hypersetup{colorlinks=true,
linkcolor=blue}
```
