---
source: tests/rule_docs.rs
expression: render_rule_doc(rule.as_ref())
---
## `unclosed-math-delimiter`

Flag a math opener the parser silently demoted to a plain token because no closer was reachable -- a `$` with no matching `$`, a `\[`/`\(` with no `\]`/`\)`, or a `\left` with no `\right`. Such a shape is routine data in macro code (`>{$}` array columns, `\expandafter\@tempa\[\@nil`), so the parser tolerates it without a diagnostic; in prose it is almost always a dropped closer. To stay clear of the macro-code cases the rule is conservative: it reports only an opener in document prose, staying silent when it sits inside a brace group or optional argument (`\newcommand{...}{$}`, the `>{$}` column spec), an expl3 region, or a `macrocode` body. No autofix: the correction (insert a closer, or delete a stray opener) is ambiguous.

This rule is **enabled by default**.

An inline-math `$` with no matching `$`:

```tex
Let $x = 1 be the base case.
```

```text
warning: unclosed-math-delimiter
 --> example.tex:1:5
  |
1 | Let $x = 1 be the base case.
  |     ^ `$` has no matching `$` (unclosed inline math)
```

A display-math `\[` with no matching `\]`:

```tex
The bound \[ x + y follows immediately.
```

```text
warning: unclosed-math-delimiter
 --> example.tex:1:11
  |
1 | The bound \[ x + y follows immediately.
  |           ^^ `\[` has no matching `\]` (unclosed display math)
```

A `\left` with no matching `\right`:

```tex
$a + \left( b + c$
```

```text
warning: unclosed-math-delimiter
 --> example.tex:1:6
  |
1 | $a + \left( b + c$
  |      ^^^^^ `\left` has no matching `\right`
```
