---
source: tests/rule_docs.rs
expression: render_rule_doc(rule.as_ref())
---
## `redundant-script-braces`

Flag braces around a single-token subscript or superscript argument, which `_` and `^` can bind without braces (`x^{2}` is `x^2`). The autofix deletes the two braces and leaves the inner token untouched.

The fix is withheld when removing the braces would let a following character merge with the argument and change meaning. For example, `x^{2}-3` stays braced because `x^2-3` would re-lex `2-3` as one token, and `y_{\alpha}b` stays braced because `\alphab` is one control word. Standard named math operators also remain braced because commands such as `\max` are not valid unbraced script fields.

This rule is **enabled by default**.

Redundant braces around a single-token script argument:

```tex
$x^{2}$ and $y_{\alpha}$
```

```text
help: redundant-script-braces
 --> example.tex:1:4
  |
1 | $x^{2}$ and $y_{\alpha}$
  |    ^^^ redundant braces around a single-token script argument
help: redundant-script-braces
 --> example.tex:1:16
  |
1 | $x^{2}$ and $y_{\alpha}$
  |                ^^^^^^^^ redundant braces around a single-token script argument
```

After applying the fix:

```tex
$x^2$ and $y_\alpha$
```
