---
source: tests/rule_docs.rs
expression: render_rule_doc(rule.as_ref())
---
## `expl3-variant-type`

Flag incompatible or deprecated argument-type conversions in literal expl3 variant-generation calls. A shorter variant inherits the original suffix. Unchanged letters are valid, `N` may become `c`, and `n` may become `o`, `V`, `v`, `f`, `e`, or `x`. Conversions between these two families are deprecated; other changes are incompatible. Checks cover recognized executable calls and unexpanded function bodies, not stored token lists or unresolved expansion. Report-only: the intended signature is the author's decision.

This rule is **enabled by default**.

A variant cannot add arguments:

```tex
\ExplSyntaxOn
\cs_generate_variant:Nn \demo_use:n { nn }
\ExplSyntaxOff
```

```text
warning: expl3-variant-type
 --> example.tex:2:39
  |
2 | \cs_generate_variant:Nn \demo_use:n { nn }
  |                                       ^^ incompatible expl3 variant conversion from `n` to `nn`
```

Converting a single-token argument to a token-list argument is deprecated:

```tex
\ExplSyntaxOn
\cs_generate_variant:Nn \demo_use:Nn { nn }
\ExplSyntaxOff
```

```text
warning: expl3-variant-type
 --> example.tex:2:40
  |
2 | \cs_generate_variant:Nn \demo_use:Nn { nn }
  |                                        ^^ deprecated expl3 variant conversion from `Nn` to `nn`
```
