---
source: tests/rule_docs.rs
expression: render_rule_doc(rule.as_ref())
---
## `deprecated-command`

Flag the obsolete two-letter font *switches* (`\bf`, `\it`, `\rm`, `\sf`, `\tt`, `\sc`, `\sl`) that LaTeX 2e superseded with `\...series`, `\...shape`, and `\...family` declarations. The rule leaves `\em` alone because it remains the supported emphasis switch. If the file redefines a name (`\renewcommand{\sl}{…}`, `\def\rm{…}`), the rule treats it as the user's macro and does not flag it anywhere.

The autofix replaces only the control word (`\bf` → `\bfseries`), leaving following text untouched. It is withheld where the switch is merely referenced (`\let\x\rm`, `\ifx\rm\y`).

This rule is **enabled by default**.

An obsolete two-letter font switch:

```tex
{\bf important}
```

```text
warning: deprecated-command
 --> example.tex:1:2
  |
1 | {\bf important}
  |  ^^^ `\bf` is deprecated; use `\bfseries`
```

After applying the fix:

```tex
{\bfseries important}
```
