---
source: tests/rule_docs.rs
expression: render_rule_doc(rule.as_ref())
---
## `space-before-command`

Flag a plain space directly before a command that should follow the preceding word without a gap: `\footnote`, `\footnotemark`, `\index`, or `\label` (ChkTeX 24/42). A space before `\footnote` produces an unwanted space before the footnote mark (`word \footnote{x}` → "word ¹"). A space before a zero-width `\index` or `\label` leaves an interword gap that can shift the recorded page. The fix deletes the space. It is **unsafe** because it changes typeset spacing, so `--fix` leaves it alone; `--unsafe-fixes` and editor code actions apply it.

The rule flags only the same-line `WORD SPACE \cmd` shape. It leaves spaces at line starts or after braces alone and skips math, where inter-token spaces are insignificant, including `$…$` and environments such as `equation` and `align`. For zero-width `\index` and `\label`, the fix is withheld unless whitespace, a newline, or paragraph end follows the group. Otherwise, the leading space separates the preceding word from the following content.

This rule is **enabled by default**.

A space before a footnote sets a spurious space before the mark:

```tex
This is important \footnote{See the appendix.}
```

```text
warning: space-before-command
 --> example.tex:1:18
  |
1 | This is important \footnote{See the appendix.}
  |                  ^ spurious space before `\footnote`; delete it so no stray space is typeset before the command
```
