---
source: tests/rule_docs.rs
expression: render_rule_doc(rule.as_ref())
---
## `abbreviation-spacing`

Flag incorrect sentence and interword spacing around abbreviations and acronyms (ChkTeX 12/13). Outside `\frenchspacing`, TeX widens the space after `.`, `?`, or `!` unless the punctuation follows an uppercase letter. A lowercase abbreviation (`e.g.`, `i.e.`, `etc.`, `et al.`) therefore gets too much space, which `\ ` corrects (`e.g.\ foo`). An uppercase acronym ending a sentence (`USA.`) gets too little space, which `\@` corrects (`USA\@.`).

The rule flags a lowercase abbreviation only before a lowercase word, where the sentence clearly continues. It flags an acronym only when two or more capitals precede the period and an uppercase word follows it, indicating a new sentence. Initials (`J.`), dotted forms (`U.S.A.`), and mid-sentence acronyms are left alone. Both fixes are **unsafe** because they change typeset spacing, so `--fix` leaves them alone; `--unsafe-fixes` and editor code actions apply them. The rule is silent under `\frenchspacing` and never touches comments, verbatim content, or math.

This rule is **enabled by default**.

A lowercase abbreviation followed by more text takes an interword space:

```tex
We tried several methods, e.g. gradient descent.
```

```text
warning: abbreviation-spacing
 --> example.tex:1:31
  |
1 | We tried several methods, e.g. gradient descent.
  |                               ^ `e.g.` is an abbreviation, not a sentence end; use an interword space `\ ` (`e.g.\ `) so TeX does not widen the gap
```

An acronym ending a sentence takes intersentence spacing:

```tex
The rover reached the USA. Then it stopped.
```

```text
warning: abbreviation-spacing
 --> example.tex:1:26
  |
1 | The rover reached the USA. Then it stopped.
  |                          ^ capital before sentence-ending punctuation suppresses intersentence spacing; use `\@` (`Word\@.`) to restore it
```
