---
source: tests/rule_docs.rs
expression: render_rule_doc(rule.as_ref())
---
## `sectioning-level-jump`

Flag a structural heading that descends more than one level below the preceding structural heading -- `\section` straight to `\subsubsection`, skipping `\subsection` (textidote's `sh:secskip`). The active ladder follows the document class: `\chapter` is included only for classes known to provide it or when the source uses it, while unknown classes conservatively omit it. `\paragraph` and `\subparagraph` are transparent because technical papers commonly use them as run-in labels rather than outline subdivisions. Only *downward* jumps are flagged -- climbing back up and repeated headings at one level are normal. The comparison is relative to the previous structural heading, never an absolute top level. Report-only: repairing a skip is a structural choice for the author, not a correct-by-construction edit.

This rule is **enabled by default**.

A heading that drops two levels at once (skipping `\subsection`):

```tex
\section{Introduction}
\subsubsection{Details}
```

```text
warning: sectioning-level-jump
 --> example.tex:2:1
  |
2 | \subsubsection{Details}
  | ^^^^^^^^^^^^^^ `\subsubsection` skips a sectioning level after `\section` (expected `\subsection`)
```
