---
source: tests/rule_docs.rs
assertion_line: 22
expression: render_rule_doc(rule.as_ref())
---
## `duplicate-label`

Flag a `\label{key}` defined more than once in the same label namespace -- within one file, or across files that share a document when a project view is available. LaTeX itself only warns and silently keeps the last definition. No autofix: resolving a collision (rename vs delete) is the author's call.

The same key defined twice in one file:

```tex
\section{One}\label{sec:x}
\section{Two}\label{sec:x}
```

```text
warning: duplicate-label
 --> example.tex:2:14
  |
1 | \section{One}\label{sec:x}
  |                     ----- first definition of `sec:x`
2 | \section{Two}\label{sec:x}
  |              ^^^^^^^^^^^^^ label `sec:x` is defined more than once
```
