---
source: tests/rule_docs.rs
expression: render_rule_doc(rule.as_ref())
---
## `swallowed-space`

Flag a text-producing control word directly followed by a space that TeX eats, gluing the macro's output to the next word (`\LaTeX is` renders "LaTeXis") (ChkTeX 1). When TeX tokenizes a control word it discards following spaces, so the space never reaches the output. To stay conservative the rule fires only for a curated set of argument-less TeX-family logos (`\LaTeX`, `\TeX`, `\BibTeX`, ...), only in text mode, and only when the next token is a word beginning with an alphanumeric character -- a following period (`\LaTeX .` -> "LaTeX.") is what the author wanted. The fix inserts `{}` after the control word (`\LaTeX{} is`), ending the macro name so the space survives; it is **unsafe** because it changes the typeset output, so `--fix` leaves it alone while `--unsafe-fixes` and the editor code action apply it.

A logo swallows the following space, gluing it to the next word:

```tex
We used \LaTeX to typeset this.
```

```text
warning: swallowed-space
 --> example.tex:1:15
  |
1 | We used \LaTeX to typeset this.
  |               ^ `\LaTeX` swallows the following space; add `{}` (`\LaTeX{}`) or `\ ` so it prints
```
