---
source: tests/rule_docs.rs
expression: render_rule_doc(rule.as_ref())
---
## `unknown-option`

Flag a `\usepackage` or `\RequirePackage` option that the loaded package never declares with `\DeclareOption`. LaTeX reports this as an "Unknown option" error at compile time. The rule checks only analyzed project packages, such as a sibling `.sty` file; it ships no option data for system packages.

The package's declared option set must be trustworthy. A `\DeclareOption*` default handler, a key-value option processor (`kvoptions`, `\ProcessKeyOptions`, …), option forwarding, or an `\input` in the package silences the rule, as does a `key=value` option. Class loads (`\documentclass`) are not checked because an unknown class option becomes an unused global option rather than an error. No autofix is offered because the author must choose whether to remove or rename the option.

This rule is **enabled by default**.

With a sibling `mypkg.sty`:

```tex
\ProvidesPackage{mypkg}[2026/01/01 v1.0 Demo package]
\DeclareOption{draft}{}
\ProcessOptions\relax
```

Loading the sibling package with an option it never declares:

```tex
\usepackage[final]{mypkg}
```

```text
warning: unknown-option
 --> example.tex:1:13
  |
1 | \usepackage[final]{mypkg}
  |             ^^^^^ unknown option `final` for package `mypkg`
```
