---
source: tests/rule_docs.rs
expression: render_rule_doc(rule.as_ref())
---
## `missing-required-argument`

Flag a command with fewer `{…}` groups than its curated built-in signature requires (ChkTeX warning 14, checked through the parse tree and signature database rather than line heuristics). TeX also accepts unbraced single-token arguments (`\frac12`), so the rule stays silent when a following token could supply the missing argument. It flags the command only at a hard boundary: the end of the enclosing group, math shell, or environment; an alignment `&`; a `\\` line break; a blank line; or the end of the file.

The rule skips contexts where a bare command may be deliberate: macro-definition bodies (`\newcommand{\bold}{\textbf}`), arguments of unknown commands, standalone `{…}` scope groups, `\let`-style aliases, and names redefined in the file. Curated environment-local signatures take precedence over global signatures: inside `parts`, exam's `\part` takes only optional points. No autofix is offered because the author must supply the missing argument's content.

This rule is **enabled by default**.

A fraction missing its denominator:

```tex
$\frac{1}$
```

```text
warning: missing-required-argument
 --> example.tex:1:2
  |
1 | $\frac{1}$
  |  ^^^^^ `\frac` is missing 1 of its 2 required arguments
```

A command left bare at the end of a group, with nothing to take:

```tex
\emph{see \textbf}
```

```text
warning: missing-required-argument
 --> example.tex:1:11
  |
1 | \emph{see \textbf}
  |           ^^^^^^^ `\textbf` is missing its required argument
```
